[]notionapi.Block{
	&notionapi.ParagraphBlock{
		BasicBlock: notionapi.BasicBlock{
			Object: notionapi.ObjectType("block"),
			Type:   notionapi.BlockType("paragraph"),
		},
		Paragraph: notionapi.Paragraph{RichText: []notionapi.RichText{
			{Text: &notionapi.Text{
				Content: "This is an",
			}},
			{Text: &notionapi.Text{Content: " image:"}},
		}},
	},
	&notionapi.ParagraphBlock{BasicBlock: notionapi.BasicBlock{
		Object: notionapi.ObjectType("block"),
		Type:   notionapi.BlockType("paragraph"),
	}},
	&notionapi.ImageBlock{Image: notionapi.Image{
		Caption:  []notionapi.RichText{{Text: &notionapi.Text{Content: "my image"}}},
		Type:     notionapi.FileType("external"),
		External: &notionapi.FileObject{URL: "https://camo.githubusercontent.com/e809234ecbd8b0f7b04355233f1a76774d67cfd03f3121e3ddd703835d7ee642/68747470733a2f2f7032312e70342e6e302e63646e2e676574636c6f75646170702e636f6d2f6974656d732f313275374e57584c2f35653231373235642d366538342d346363642d383330302d3237626639613035303431362e737667"},
	}},
}
